Running Compliance Logic Tests...
PASS: actual='Success and Failure', expected='Success', op='include' -> True
PASS: actual='Success', expected='Success', op='include' -> True
PASS: actual='Failure', expected='Success', op='include' -> False
PASS: actual='Success and Failure', expected='success', op='include' -> True
PASS: actual='1', expected='1', op='==' -> True
PASS: actual='0', expected='1', op='==' -> False
PASS: actual='Enabled', expected='1', op='==' -> True
PASS: actual='Disabled', expected='0', op='==' -> True
PASS: actual='5', expected='3', op='>=' -> True
PASS: actual='2', expected='3', op='>=' -> False
PASS: actual='C:\Windows\System32', expected='c:/windows/system32', op='==' -> True

All tests passed successfully!
